Importer Log Report
Document: F:\FPGA_Modules\cp_som_one-main\cp_som_one-main\kicad\som_fpga.kicad_sch
    Section : Loading Schematic - F:\FPGA_Modules\cp_som_one-main\cp_som_one-main\kicad\som_fpga.kicad_sch
    EndSection
    Section : Loading Schematic - F:\FPGA_Modules\cp_som_one-main\cp_som_one-main\kicad\FPGA_bank13_14.kicad_sch
    EndSection
    Section : Loading Schematic - F:\FPGA_Modules\cp_som_one-main\cp_som_one-main\kicad\connectors.kicad_sch
    EndSection
    Section : Loading Schematic - F:\FPGA_Modules\cp_som_one-main\cp_som_one-main\kicad\FPGA_bank34_35.kicad_sch
    EndSection
    Section : Loading Schematic - F:\FPGA_Modules\cp_som_one-main\cp_som_one-main\kicad\FPGA_bank15_16.kicad_sch
    EndSection
    Section : Loading Schematic - F:\FPGA_Modules\cp_som_one-main\cp_som_one-main\kicad\FPGA_bank0_vss.kicad_sch
    EndSection
    Section : Loading Schematic - F:\FPGA_Modules\cp_som_one-main\cp_som_one-main\kicad\supply.kicad_sch
    EndSection
    Section : Loading Schematic - F:\FPGA_Modules\cp_som_one-main\cp_som_one-main\kicad\FPGA_mgt.kicad_sch
    EndSection
    Section : Loading Schematic - F:\FPGA_Modules\cp_som_one-main\cp_som_one-main\kicad\som_fpga.kicad_sch
    EndSection
    Section : Loading Schematic - F:\FPGA_Modules\cp_som_one-main\cp_som_one-main\kicad\FPGA_bank13_14.kicad_sch
    EndSection
    Section : Loading Schematic - F:\FPGA_Modules\cp_som_one-main\cp_som_one-main\kicad\connectors.kicad_sch
    EndSection
    Section : Loading Schematic - F:\FPGA_Modules\cp_som_one-main\cp_som_one-main\kicad\FPGA_bank34_35.kicad_sch
    EndSection
    Section : Loading Schematic - F:\FPGA_Modules\cp_som_one-main\cp_som_one-main\kicad\FPGA_bank15_16.kicad_sch
    EndSection
    Section : Loading Schematic - F:\FPGA_Modules\cp_som_one-main\cp_som_one-main\kicad\FPGA_bank0_vss.kicad_sch
    EndSection
    Section : Loading Schematic - F:\FPGA_Modules\cp_som_one-main\cp_som_one-main\kicad\supply.kicad_sch
    EndSection
    Section : Loading Schematic - F:\FPGA_Modules\cp_som_one-main\cp_som_one-main\kicad\FPGA_mgt.kicad_sch
    EndSection
